spring_test.Test1.test1[1]=[
{"id":null,"name":"fish","email":null,"size":1,"total":null}
]


spring_test.Test1.test1[2]=[
{"id":null,"name":"dog","email":null,"size":2,"total":null}
]


spring_test.Test1.test2[1]=[
  {
    "name": "fish",
    "size": 1
  }
]


spring_test.Test1.test2[2]=[
  {
    "name": "dog",
    "size": 2
  }
]